<html><body>
  <div class="chapter" id="/section1/index.xml">

    <h1>Some section</h1>
    <p>hello world</p>
    <div class="section" id="/section1/subsection.xml">
      <h1>Subsection title</h1>
      <a href="#/main.xml">Link to the root</a>
      <a href="#/hello/index.xml">Link to the root</a>
      <p><a href="#/hello/world.xml">Link to the root</a></p>
      <span class="footnoteSelection">Footnote 1<a href=""><sup>1</sup></a></span>
      <span class="referenceSelection">Reference 1#x20;<a href="/section1/subsection.xml/reference_1">[1]</a></span>

      <p class="frameDescription">a description of this code</p>
      <code><a href="hi"><img src="hello.png"></a></code>
      <span class="code inline">hello world</span>
      <span class="name">Name</span>
      <span class="filename">File Name</span>


      <div class="footnotes">
        <div class="footnote" id="/section1/subsection.xml/footnote_1">Footnote 1 text</div>
      </div>

      <div class="references">
        <div class="reference" id="/section1/subsection.xml/reference_1"><img src="file:///home/roman/Dropbox/Work/my_libs/bookchef/lib/bookchef/images/manual_link.png"><a href="http://google.com">Reference 1 text</a></div>
      </div>

    </div>

  </div>

  <div class="section">Section 2 Title</div>
  <p>Some other tag</p>

</body></html>
