<book>

  <settings>

    <meta name="pdfkit-margin_top" content="0.5in"/>
    <meta name="pdfkit-margin_right" content="0.3in"/>
    <meta name="pdfkit-margin_bottom" content="0.5in"/>
    <meta name="pdfkit-margin_left" content="0.8in"/>

  </settings>

  <cover><img src="#{source_path}/cover.png"/><InsertBookVersion/></cover>

  <chapter id="/section1/index.xml">

    <title>Chapter 1 Title</title>
    <p>hello world</p>
    <a reference="/section1/index.xml/reference_1" number="1"/>
    <a href="https://google.com">Google</a>
    <term reference="/section1/index.xml/reference_1" number="1">reference - link as a term</term>
    <term footnote="/section1/index.xml/footnote_1" number="1">footnote link as a term</term>
    <term>this is a term</term>
    <section id="/section1/subsection.xml">
      <title>Subsection title</title>
      <a href="#/main.xml">Link to the root</a>
      <a href="#/hello/index.xml">Link to the root</a>

      <a href="#/section1/supersubsection/hello.xml"/>
      <a href="#/section1/index.xml"/>

      <p><a href="#/hello/world.xml">Link to the root</a></p>
      <span footnote="/section1/index.xml/footnote_1" number="1">Footnote 1</span>
      <span reference="/section1/index.xml/reference_1" number="1">Reference 1</span>
      <code description="a description of this code">#lt;%= link_to %#gt;&lt;a href="hi"&gt;
  &lt;img src="hello.png"/&gt;
&lt;/a&gt;</code>
      <code>puts 2 - 1
puts "some ruby code" #amp;#amp; #lt;
  puts "some more ruby code"
    puts "even more ruby code"
      puts "A ruby is a pink to blood-red colored gemstone, a
      variety of the mineral corundum (aluminium oxide). The red
      color is caused mainly by the presence of the element chromium
       Its name comes from ruber, Latin for red."</code>

      <code-inline>hello world</code-inline>


      <name>Name</name>
      <filename>File Name</filename>

    </section>

    <section id="/section1/supersubsection/index.xml">
      <title>SuperSubSection index</title>
      <section id="/section1/supersubsection/hello.xml">
        <title>SuperSubSection hello</title>
        <span reference="/section1/supersubsection/index.xml/reference_1" number="1">a supersubsection reference link</span>
      </section>
      <references>
        <reference id="/section1/supersubsection/index.xml/reference_1" type="manual" url="https://google.com">a supersubsection reference</reference>
      </references>
    </section>

    <footnotes>
      <footnote id="/section1/index.xml/footnote_1">Footnote 1 text</footnote>
    </footnotes>

    <references>
      <reference id="/section1/index.xml/reference_1" type="manual" url="http://hasbrains.ru">Reference 1 text</reference>
    </references>

  </chapter>

  <chapter><title>Chapter 2 Title</title></chapter>
  <p>Some other tag</p>

</book>
